[90mINFO: ============================================================[0m
[90mINFO: Injected Global Variables (available in your function):[0m
[90mINFO:   • CONFIG - Session configuration dict[0m
[90mINFO:       - CONFIG['ID']: 2025Y-11M-19D-18h53m56s_OCH4[0m
[90mINFO:       - CONFIG['SDIR_RUN']: /home/ywatanabe/proj/scitex-code/examples/demo_plot_all_types_publication_out/RUNNING/2025Y-11M-19D-18h53m56s_OCH4-main[0m
[90mINFO:       - CONFIG['PID']: 341114[0m
[90mINFO:   • plt - matplotlib.pyplot (configured for session)[0m
[90mINFO:   • COLORS - CustomColors (for consistent plotting)[0m
[90mINFO:   • rng_manager - RandomStateManager (for reproducibility)[0m
[90mINFO:   • logger - SciTeX logger (configured for your script)[0m
[90mINFO: ============================================================[0m
[90mINFO: Running main with injected parameters:[0m
[90mINFO:     {'verbose': 'bool'}[0m
[90mINFO:   • Auto-collected metadata from figure[0m
[90mINFO: 📝 Saving figure with metadata to: /home/ywatanabe/proj/scitex-code/examples/demo_plot_all_types_publication_out/publication/01_matplotlib_basic/01_plot.png[0m
[90mINFO:   • Auto-added URL: https://scitex.ai[0m
/home/ywatanabe/proj/scitex-code/src/scitex/io/_save_modules/_image.py:57: UserWarning: This figure includes Axes that are not compatible with tight_layout, so results might be incorrect.
  obj.savefig(spath, **kwargs)
[90mINFO:   • Embedded metadata: {'metadata_version': '1.0.0', 'scitex': {'version': '2.2.2', 'created_at': '2025-11-19T18:54:00.766230', 'created_with': 'scitex.plt.subplots (mm-control)', 'mode': 'publication', 'axes_size_mm': (40, 28), 'position_in_grid': (0, 0), 'style_mm': {'axis_thickness_mm': 0.2, 'tick_length_mm': 0.8, 'tick_thickness_mm': 0.2, 'trace_thickness_mm': 0.2, 'axis_font_size_pt': 7, 'tick_font_size_pt': 7, 'title_font_size_pt': 8, 'legend_font_size_pt': 6, 'label_pad_pt': 0.5, 'tick_pad_pt': 2.0, 'title_pad_pt': 1.0, 'font_family': 'Arial', 'n_ticks': 4, 'font_family_requested': 'Arial', 'font_family_actual': 'Arial'}}, 'matplotlib': {'version': '3.10.3'}, 'dimensions': {'figure_size_mm': (np.float64(80.0), np.float64(68.0)), 'figure_size_inch': (np.float64(3.1496062992125986), np.float64(2.677165354330709)), 'figure_size_px': (944, 803), 'axes_size_mm': (np.float64(40.0), np.float64(27.999999999999993)), 'axes_size_inch': (np.float64(1.5748031496062993), np.float64(1.1023622047244093)), 'axes_size_px': (472, 330), 'axes_position': (np.float64(0.25), np.float64(0.29411764705882354), np.float64(0.5), np.float64(0.41176470588235287)), 'dpi': 300}, 'margins_mm': {'left': np.float64(20.0), 'bottom': np.float64(20.0), 'right': np.float64(20.0), 'top': np.float64(20.000000000000007)}, 'axes_bbox_px': {'x0': 236, 'y0': 236, 'x1': 708, 'y1': 566, 'width': 472, 'height': 330}, 'axes_bbox_mm': {'x0': np.float64(20.0), 'y0': np.float64(20.0), 'x1': np.float64(60.0), 'y1': np.float64(47.99999999999999), 'width': np.float64(40.0), 'height': np.float64(27.999999999999993)}, 'url': 'https://scitex.ai'}[0m
[90mINFO:   • Auto-cropped with 1.0mm margin (11px at 300 DPI)[0m
/home/ywatanabe/proj/scitex-code/src/scitex/plt/_subplots/_AxisWrapperMixins/_TrackingMixin.py:113: UserWarning: Matplotlib method 'plot()' does not support full data tracking for CSV export. Consider using 'ax.plot()' instead for better data export support.
  df = _export_as_csv(self.history)
[32mSUCC: Saved to: ./../scitex-code/examples/demo_plot_all_types_publication_out/publication/01_matplotlib_basic/01_plot.png (1.1 MiB)[0m
[90mINFO:   • Auto-collected metadata from figure[0m
[90mINFO: 📝 Saving figure with metadata to: /home/ywatanabe/proj/scitex-code/examples/demo_plot_all_types_publication_out/publication/01_matplotlib_basic/01_plot.pdf[0m
[90mINFO:   • Auto-added URL: https://scitex.ai[0m
/home/ywatanabe/proj/scitex-code/src/scitex/io/_save_modules/_image.py:174: UserWarning: This figure includes Axes that are not compatible with tight_layout, so results might be incorrect.
  obj.savefig(spath, **save_kwargs)
[90mINFO:   • Embedded metadata: {'metadata_version': '1.0.0', 'scitex': {'version': '2.2.2', 'created_at': '2025-11-19T18:54:01.149999', 'created_with': 'scitex.plt.subplots (mm-control)', 'mode': 'publication', 'axes_size_mm': (40, 28), 'position_in_grid': (0, 0), 'style_mm': {'axis_thickness_mm': 0.2, 'tick_length_mm': 0.8, 'tick_thickness_mm': 0.2, 'trace_thickness_mm': 0.2, 'axis_font_size_pt': 7, 'tick_font_size_pt': 7, 'title_font_size_pt': 8, 'legend_font_size_pt': 6, 'label_pad_pt': 0.5, 'tick_pad_pt': 2.0, 'title_pad_pt': 1.0, 'font_family': 'Arial', 'n_ticks': 4, 'font_family_requested': 'Arial', 'font_family_actual': 'Arial'}}, 'matplotlib': {'version': '3.10.3'}, 'dimensions': {'figure_size_mm': (np.float64(80.0), np.float64(68.0)), 'figure_size_inch': (np.float64(3.1496062992125986), np.float64(2.677165354330709)), 'figure_size_px': (944, 803), 'axes_size_mm': (np.float64(40.0), np.float64(27.999999999999993)), 'axes_size_inch': (np.float64(1.5748031496062993), np.float64(1.1023622047244093)), 'axes_size_px': (472, 330), 'axes_position': (np.float64(0.25), np.float64(0.29411764705882354), np.float64(0.5), np.float64(0.41176470588235287)), 'dpi': 300}, 'margins_mm': {'left': np.float64(20.0), 'bottom': np.float64(20.0), 'right': np.float64(20.0), 'top': np.float64(20.000000000000007)}, 'axes_bbox_px': {'x0': 236, 'y0': 236, 'x1': 708, 'y1': 566, 'width': 472, 'height': 330}, 'axes_bbox_mm': {'x0': np.float64(20.0), 'y0': np.float64(20.0), 'x1': np.float64(60.0), 'y1': np.float64(47.99999999999999), 'width': np.float64(40.0), 'height': np.float64(27.999999999999993)}, 'url': 'https://scitex.ai'}[0m
[32mSUCC: Saved to: ./../scitex-code/examples/demo_plot_all_types_publication_out/publication/01_matplotlib_basic/01_plot.pdf (18.0 KiB)[0m
[90mINFO:   • Auto-collected metadata from figure[0m
[90mINFO: 📝 Saving figure with metadata to: /home/ywatanabe/proj/scitex-code/examples/demo_plot_all_types_publication_out/publication/01_matplotlib_basic/01_plot.jpg[0m
[90mINFO:   • Auto-added URL: https://scitex.ai[0m
/home/ywatanabe/proj/scitex-code/src/scitex/io/_save_modules/_image.py:103: UserWarning: This figure includes Axes that are not compatible with tight_layout, so results might be incorrect.
  obj.figure.savefig(buf, **save_kwargs)
[90mINFO:   • Embedded metadata: {'metadata_version': '1.0.0', 'scitex': {'version': '2.2.2', 'created_at': '2025-11-19T18:54:01.523784', 'created_with': 'scitex.plt.subplots (mm-control)', 'mode': 'publication', 'axes_size_mm': (40, 28), 'position_in_grid': (0, 0), 'style_mm': {'axis_thickness_mm': 0.2, 'tick_length_mm': 0.8, 'tick_thickness_mm': 0.2, 'trace_thickness_mm': 0.2, 'axis_font_size_pt': 7, 'tick_font_size_pt': 7, 'title_font_size_pt': 8, 'legend_font_size_pt': 6, 'label_pad_pt': 0.5, 'tick_pad_pt': 2.0, 'title_pad_pt': 1.0, 'font_family': 'Arial', 'n_ticks': 4, 'font_family_requested': 'Arial', 'font_family_actual': 'Arial'}}, 'matplotlib': {'version': '3.10.3'}, 'dimensions': {'figure_size_mm': (np.float64(80.0), np.float64(68.0)), 'figure_size_inch': (np.float64(3.1496062992125986), np.float64(2.677165354330709)), 'figure_size_px': (944, 803), 'axes_size_mm': (np.float64(40.0), np.float64(27.999999999999993)), 'axes_size_inch': (np.float64(1.5748031496062993), np.float64(1.1023622047244093)), 'axes_size_px': (472, 330), 'axes_position': (np.float64(0.25), np.float64(0.29411764705882354), np.float64(0.5), np.float64(0.41176470588235287)), 'dpi': 300}, 'margins_mm': {'left': np.float64(20.0), 'bottom': np.float64(20.0), 'right': np.float64(20.0), 'top': np.float64(20.000000000000007)}, 'axes_bbox_px': {'x0': 236, 'y0': 236, 'x1': 708, 'y1': 566, 'width': 472, 'height': 330}, 'axes_bbox_mm': {'x0': np.float64(20.0), 'y0': np.float64(20.0), 'x1': np.float64(60.0), 'y1': np.float64(47.99999999999999), 'width': np.float64(40.0), 'height': np.float64(27.999999999999993)}, 'url': 'https://scitex.ai'}[0m
[90mINFO:   • Auto-cropped with 1.0mm margin (23px at 600 DPI)[0m
[32mSUCC: Saved to: ./../scitex-code/examples/demo_plot_all_types_publication_out/publication/01_matplotlib_basic/01_plot.jpg (316.8 KiB)[0m
[90mINFO:   • Auto-collected metadata from figure[0m
[90mINFO: 📝 Saving figure with metadata to: /home/ywatanabe/proj/scitex-code/examples/demo_plot_all_types_publication_out/publication/01_matplotlib_basic/02_scatter.png[0m
[90mINFO:   • Auto-added URL: https://scitex.ai[0m
/home/ywatanabe/proj/scitex-code/src/scitex/io/_save_modules/_image.py:57: UserWarning: This figure includes Axes that are not compatible with tight_layout, so results might be incorrect.
  obj.savefig(spath, **kwargs)
[90mINFO:   • Embedded metadata: {'metadata_version': '1.0.0', 'scitex': {'version': '2.2.2', 'created_at': '2025-11-19T18:54:02.132055', 'created_with': 'scitex.plt.subplots (mm-control)', 'mode': 'publication', 'axes_size_mm': (40, 28), 'position_in_grid': (0, 0), 'style_mm': {'axis_thickness_mm': 0.2, 'tick_length_mm': 0.8, 'tick_thickness_mm': 0.2, 'trace_thickness_mm': 0.2, 'axis_font_size_pt': 7, 'tick_font_size_pt': 7, 'title_font_size_pt': 8, 'legend_font_size_pt': 6, 'label_pad_pt': 0.5, 'tick_pad_pt': 2.0, 'title_pad_pt': 1.0, 'font_family': 'Arial', 'n_ticks': 4, 'font_family_requested': 'Arial', 'font_family_actual': 'Arial'}}, 'matplotlib': {'version': '3.10.3'}, 'dimensions': {'figure_size_mm': (np.float64(80.0), np.float64(68.0)), 'figure_size_inch': (np.float64(3.1496062992125986), np.float64(2.677165354330709)), 'figure_size_px': (944, 803), 'axes_size_mm': (np.float64(40.0), np.float64(27.999999999999993)), 'axes_size_inch': (np.float64(1.5748031496062993), np.float64(1.1023622047244093)), 'axes_size_px': (472, 330), 'axes_position': (np.float64(0.25), np.float64(0.29411764705882354), np.float64(0.5), np.float64(0.41176470588235287)), 'dpi': 300}, 'margins_mm': {'left': np.float64(20.0), 'bottom': np.float64(20.0), 'right': np.float64(20.0), 'top': np.float64(20.000000000000007)}, 'axes_bbox_px': {'x0': 236, 'y0': 236, 'x1': 708, 'y1': 566, 'width': 472, 'height': 330}, 'axes_bbox_mm': {'x0': np.float64(20.0), 'y0': np.float64(20.0), 'x1': np.float64(60.0), 'y1': np.float64(47.99999999999999), 'width': np.float64(40.0), 'height': np.float64(27.999999999999993)}, 'url': 'https://scitex.ai'}[0m
[90mINFO:   • Auto-cropped with 1.0mm margin (11px at 300 DPI)[0m
[32mSUCC: Saved to: ./../scitex-code/examples/demo_plot_all_types_publication_out/publication/01_matplotlib_basic/02_scatter.csv (3.9 KiB)[0m
[32mSUCC: Saved to: ./../scitex-code/examples/demo_plot_all_types_publication_out/publication/01_matplotlib_basic/02_scatter.png (1.1 MiB)[0m
[90mINFO:   • Auto-collected metadata from figure[0m
[90mINFO: 📝 Saving figure with metadata to: /home/ywatanabe/proj/scitex-code/examples/demo_plot_all_types_publication_out/publication/01_matplotlib_basic/02_scatter.pdf[0m
[90mINFO:   • Auto-added URL: https://scitex.ai[0m
/home/ywatanabe/proj/scitex-code/src/scitex/io/_save_modules/_image.py:174: UserWarning: This figure includes Axes that are not compatible with tight_layout, so results might be incorrect.
  obj.savefig(spath, **save_kwargs)
[90mINFO:   • Embedded metadata: {'metadata_version': '1.0.0', 'scitex': {'version': '2.2.2', 'created_at': '2025-11-19T18:54:02.410089', 'created_with': 'scitex.plt.subplots (mm-control)', 'mode': 'publication', 'axes_size_mm': (40, 28), 'position_in_grid': (0, 0), 'style_mm': {'axis_thickness_mm': 0.2, 'tick_length_mm': 0.8, 'tick_thickness_mm': 0.2, 'trace_thickness_mm': 0.2, 'axis_font_size_pt': 7, 'tick_font_size_pt': 7, 'title_font_size_pt': 8, 'legend_font_size_pt': 6, 'label_pad_pt': 0.5, 'tick_pad_pt': 2.0, 'title_pad_pt': 1.0, 'font_family': 'Arial', 'n_ticks': 4, 'font_family_requested': 'Arial', 'font_family_actual': 'Arial'}}, 'matplotlib': {'version': '3.10.3'}, 'dimensions': {'figure_size_mm': (np.float64(80.0), np.float64(68.0)), 'figure_size_inch': (np.float64(3.1496062992125986), np.float64(2.677165354330709)), 'figure_size_px': (944, 803), 'axes_size_mm': (np.float64(40.0), np.float64(27.999999999999993)), 'axes_size_inch': (np.float64(1.5748031496062993), np.float64(1.1023622047244093)), 'axes_size_px': (472, 330), 'axes_position': (np.float64(0.25), np.float64(0.29411764705882354), np.float64(0.5), np.float64(0.41176470588235287)), 'dpi': 300}, 'margins_mm': {'left': np.float64(20.0), 'bottom': np.float64(20.0), 'right': np.float64(20.0), 'top': np.float64(20.000000000000007)}, 'axes_bbox_px': {'x0': 236, 'y0': 236, 'x1': 708, 'y1': 566, 'width': 472, 'height': 330}, 'axes_bbox_mm': {'x0': np.float64(20.0), 'y0': np.float64(20.0), 'x1': np.float64(60.0), 'y1': np.float64(47.99999999999999), 'width': np.float64(40.0), 'height': np.float64(27.999999999999993)}, 'url': 'https://scitex.ai'}[0m
[32mSUCC: Saved to: ./../scitex-code/examples/demo_plot_all_types_publication_out/publication/01_matplotlib_basic/02_scatter.csv (3.9 KiB)[0m
[32mSUCC: Saved to: ./../scitex-code/examples/demo_plot_all_types_publication_out/publication/01_matplotlib_basic/02_scatter.pdf (19.2 KiB)[0m
[90mINFO:   • Auto-collected metadata from figure[0m
[90mINFO: 📝 Saving figure with metadata to: /home/ywatanabe/proj/scitex-code/examples/demo_plot_all_types_publication_out/publication/01_matplotlib_basic/02_scatter.jpg[0m
[90mINFO:   • Auto-added URL: https://scitex.ai[0m
/home/ywatanabe/proj/scitex-code/src/scitex/io/_save_modules/_image.py:103: UserWarning: This figure includes Axes that are not compatible with tight_layout, so results might be incorrect.
  obj.figure.savefig(buf, **save_kwargs)
[90mINFO:   • Embedded metadata: {'metadata_version': '1.0.0', 'scitex': {'version': '2.2.2', 'created_at': '2025-11-19T18:54:02.527022', 'created_with': 'scitex.plt.subplots (mm-control)', 'mode': 'publication', 'axes_size_mm': (40, 28), 'position_in_grid': (0, 0), 'style_mm': {'axis_thickness_mm': 0.2, 'tick_length_mm': 0.8, 'tick_thickness_mm': 0.2, 'trace_thickness_mm': 0.2, 'axis_font_size_pt': 7, 'tick_font_size_pt': 7, 'title_font_size_pt': 8, 'legend_font_size_pt': 6, 'label_pad_pt': 0.5, 'tick_pad_pt': 2.0, 'title_pad_pt': 1.0, 'font_family': 'Arial', 'n_ticks': 4, 'font_family_requested': 'Arial', 'font_family_actual': 'Arial'}}, 'matplotlib': {'version': '3.10.3'}, 'dimensions': {'figure_size_mm': (np.float64(80.0), np.float64(68.0)), 'figure_size_inch': (np.float64(3.1496062992125986), np.float64(2.677165354330709)), 'figure_size_px': (944, 803), 'axes_size_mm': (np.float64(40.0), np.float64(27.999999999999993)), 'axes_size_inch': (np.float64(1.5748031496062993), np.float64(1.1023622047244093)), 'axes_size_px': (472, 330), 'axes_position': (np.float64(0.25), np.float64(0.29411764705882354), np.float64(0.5), np.float64(0.41176470588235287)), 'dpi': 300}, 'margins_mm': {'left': np.float64(20.0), 'bottom': np.float64(20.0), 'right': np.float64(20.0), 'top': np.float64(20.000000000000007)}, 'axes_bbox_px': {'x0': 236, 'y0': 236, 'x1': 708, 'y1': 566, 'width': 472, 'height': 330}, 'axes_bbox_mm': {'x0': np.float64(20.0), 'y0': np.float64(20.0), 'x1': np.float64(60.0), 'y1': np.float64(47.99999999999999), 'width': np.float64(40.0), 'height': np.float64(27.999999999999993)}, 'url': 'https://scitex.ai'}[0m
[90mINFO:   • Auto-cropped with 1.0mm margin (23px at 600 DPI)[0m
[32mSUCC: Saved to: ./../scitex-code/examples/demo_plot_all_types_publication_out/publication/01_matplotlib_basic/02_scatter.csv (3.9 KiB)[0m
[32mSUCC: Saved to: ./../scitex-code/examples/demo_plot_all_types_publication_out/publication/01_matplotlib_basic/02_scatter.jpg (257.1 KiB)[0m
[90mINFO:   • Auto-collected metadata from figure[0m
[90mINFO: 📝 Saving figure with metadata to: /home/ywatanabe/proj/scitex-code/examples/demo_plot_all_types_publication_out/publication/01_matplotlib_basic/03_bar.png[0m
[90mINFO:   • Auto-added URL: https://scitex.ai[0m
/home/ywatanabe/proj/scitex-code/src/scitex/io/_save_modules/_image.py:57: UserWarning: This figure includes Axes that are not compatible with tight_layout, so results might be incorrect.
  obj.savefig(spath, **kwargs)
[90mINFO:   • Embedded metadata: {'metadata_version': '1.0.0', 'scitex': {'version': '2.2.2', 'created_at': '2025-11-19T18:54:03.044002', 'created_with': 'scitex.plt.subplots (mm-control)', 'mode': 'publication', 'axes_size_mm': (40, 28), 'position_in_grid': (0, 0), 'style_mm': {'axis_thickness_mm': 0.2, 'tick_length_mm': 0.8, 'tick_thickness_mm': 0.2, 'trace_thickness_mm': 0.2, 'axis_font_size_pt': 7, 'tick_font_size_pt': 7, 'title_font_size_pt': 8, 'legend_font_size_pt': 6, 'label_pad_pt': 0.5, 'tick_pad_pt': 2.0, 'title_pad_pt': 1.0, 'font_family': 'Arial', 'n_ticks': 4, 'font_family_requested': 'Arial', 'font_family_actual': 'Arial'}}, 'matplotlib': {'version': '3.10.3'}, 'dimensions': {'figure_size_mm': (np.float64(80.0), np.float64(68.0)), 'figure_size_inch': (np.float64(3.1496062992125986), np.float64(2.677165354330709)), 'figure_size_px': (944, 803), 'axes_size_mm': (np.float64(40.0), np.float64(27.999999999999993)), 'axes_size_inch': (np.float64(1.5748031496062993), np.float64(1.1023622047244093)), 'axes_size_px': (472, 330), 'axes_position': (np.float64(0.25), np.float64(0.29411764705882354), np.float64(0.5), np.float64(0.41176470588235287)), 'dpi': 300}, 'margins_mm': {'left': np.float64(20.0), 'bottom': np.float64(20.0), 'right': np.float64(20.0), 'top': np.float64(20.000000000000007)}, 'axes_bbox_px': {'x0': 236, 'y0': 236, 'x1': 708, 'y1': 566, 'width': 472, 'height': 330}, 'axes_bbox_mm': {'x0': np.float64(20.0), 'y0': np.float64(20.0), 'x1': np.float64(60.0), 'y1': np.float64(47.99999999999999), 'width': np.float64(40.0), 'height': np.float64(27.999999999999993)}, 'url': 'https://scitex.ai'}[0m
[90mINFO:   • Auto-cropped with 1.0mm margin (11px at 300 DPI)[0m
[32mSUCC: Saved to: ./../scitex-code/examples/demo_plot_all_types_publication_out/publication/01_matplotlib_basic/03_bar.csv (142.0 B)[0m
[32mSUCC: Saved to: ./../scitex-code/examples/demo_plot_all_types_publication_out/publication/01_matplotlib_basic/03_bar.png (1.1 MiB)[0m
[90mINFO:   • Auto-collected metadata from figure[0m
[90mINFO: 📝 Saving figure with metadata to: /home/ywatanabe/proj/scitex-code/examples/demo_plot_all_types_publication_out/publication/01_matplotlib_basic/03_bar.pdf[0m
[90mINFO:   • Auto-added URL: https://scitex.ai[0m
/home/ywatanabe/proj/scitex-code/src/scitex/io/_save_modules/_image.py:174: UserWarning: This figure includes Axes that are not compatible with tight_layout, so results might be incorrect.
  obj.savefig(spath, **save_kwargs)
[90mINFO:   • Embedded metadata: {'metadata_version': '1.0.0', 'scitex': {'version': '2.2.2', 'created_at': '2025-11-19T18:54:03.331029', 'created_with': 'scitex.plt.subplots (mm-control)', 'mode': 'publication', 'axes_size_mm': (40, 28), 'position_in_grid': (0, 0), 'style_mm': {'axis_thickness_mm': 0.2, 'tick_length_mm': 0.8, 'tick_thickness_mm': 0.2, 'trace_thickness_mm': 0.2, 'axis_font_size_pt': 7, 'tick_font_size_pt': 7, 'title_font_size_pt': 8, 'legend_font_size_pt': 6, 'label_pad_pt': 0.5, 'tick_pad_pt': 2.0, 'title_pad_pt': 1.0, 'font_family': 'Arial', 'n_ticks': 4, 'font_family_requested': 'Arial', 'font_family_actual': 'Arial'}}, 'matplotlib': {'version': '3.10.3'}, 'dimensions': {'figure_size_mm': (np.float64(80.0), np.float64(68.0)), 'figure_size_inch': (np.float64(3.1496062992125986), np.float64(2.677165354330709)), 'figure_size_px': (944, 803), 'axes_size_mm': (np.float64(40.0), np.float64(27.999999999999993)), 'axes_size_inch': (np.float64(1.5748031496062993), np.float64(1.1023622047244093)), 'axes_size_px': (472, 330), 'axes_position': (np.float64(0.25), np.float64(0.29411764705882354), np.float64(0.5), np.float64(0.41176470588235287)), 'dpi': 300}, 'margins_mm': {'left': np.float64(20.0), 'bottom': np.float64(20.0), 'right': np.float64(20.0), 'top': np.float64(20.000000000000007)}, 'axes_bbox_px': {'x0': 236, 'y0': 236, 'x1': 708, 'y1': 566, 'width': 472, 'height': 330}, 'axes_bbox_mm': {'x0': np.float64(20.0), 'y0': np.float64(20.0), 'x1': np.float64(60.0), 'y1': np.float64(47.99999999999999), 'width': np.float64(40.0), 'height': np.float64(27.999999999999993)}, 'url': 'https://scitex.ai'}[0m
[32mSUCC: Saved to: ./../scitex-code/examples/demo_plot_all_types_publication_out/publication/01_matplotlib_basic/03_bar.csv (142.0 B)[0m
[32mSUCC: Saved to: ./../scitex-code/examples/demo_plot_all_types_publication_out/publication/01_matplotlib_basic/03_bar.pdf (16.0 KiB)[0m
[90mINFO:   • Auto-collected metadata from figure[0m
[90mINFO: 📝 Saving figure with metadata to: /home/ywatanabe/proj/scitex-code/examples/demo_plot_all_types_publication_out/publication/01_matplotlib_basic/03_bar.jpg[0m
[90mINFO:   • Auto-added URL: https://scitex.ai[0m
/home/ywatanabe/proj/scitex-code/src/scitex/io/_save_modules/_image.py:103: UserWarning: This figure includes Axes that are not compatible with tight_layout, so results might be incorrect.
  obj.figure.savefig(buf, **save_kwargs)
[90mINFO:   • Embedded metadata: {'metadata_version': '1.0.0', 'scitex': {'version': '2.2.2', 'created_at': '2025-11-19T18:54:03.474715', 'created_with': 'scitex.plt.subplots (mm-control)', 'mode': 'publication', 'axes_size_mm': (40, 28), 'position_in_grid': (0, 0), 'style_mm': {'axis_thickness_mm': 0.2, 'tick_length_mm': 0.8, 'tick_thickness_mm': 0.2, 'trace_thickness_mm': 0.2, 'axis_font_size_pt': 7, 'tick_font_size_pt': 7, 'title_font_size_pt': 8, 'legend_font_size_pt': 6, 'label_pad_pt': 0.5, 'tick_pad_pt': 2.0, 'title_pad_pt': 1.0, 'font_family': 'Arial', 'n_ticks': 4, 'font_family_requested': 'Arial', 'font_family_actual': 'Arial'}}, 'matplotlib': {'version': '3.10.3'}, 'dimensions': {'figure_size_mm': (np.float64(80.0), np.float64(68.0)), 'figure_size_inch': (np.float64(3.1496062992125986), np.float64(2.677165354330709)), 'figure_size_px': (944, 803), 'axes_size_mm': (np.float64(40.0), np.float64(27.999999999999993)), 'axes_size_inch': (np.float64(1.5748031496062993), np.float64(1.1023622047244093)), 'axes_size_px': (472, 330), 'axes_position': (np.float64(0.25), np.float64(0.29411764705882354), np.float64(0.5), np.float64(0.41176470588235287)), 'dpi': 300}, 'margins_mm': {'left': np.float64(20.0), 'bottom': np.float64(20.0), 'right': np.float64(20.0), 'top': np.float64(20.000000000000007)}, 'axes_bbox_px': {'x0': 236, 'y0': 236, 'x1': 708, 'y1': 566, 'width': 472, 'height': 330}, 'axes_bbox_mm': {'x0': np.float64(20.0), 'y0': np.float64(20.0), 'x1': np.float64(60.0), 'y1': np.float64(47.99999999999999), 'width': np.float64(40.0), 'height': np.float64(27.999999999999993)}, 'url': 'https://scitex.ai'}[0m
[90mINFO:   • Auto-cropped with 1.0mm margin (23px at 600 DPI)[0m
[32mSUCC: Saved to: ./../scitex-code/examples/demo_plot_all_types_publication_out/publication/01_matplotlib_basic/03_bar.csv (142.0 B)[0m
[32mSUCC: Saved to: ./../scitex-code/examples/demo_plot_all_types_publication_out/publication/01_matplotlib_basic/03_bar.jpg (249.3 KiB)[0m
[90mINFO:   • Auto-collected metadata from figure[0m
[90mINFO: 📝 Saving figure with metadata to: /home/ywatanabe/proj/scitex-code/examples/demo_plot_all_types_publication_out/publication/01_matplotlib_basic/04_hist.png[0m
[90mINFO:   • Auto-added URL: https://scitex.ai[0m
/home/ywatanabe/proj/scitex-code/src/scitex/io/_save_modules/_image.py:57: UserWarning: This figure includes Axes that are not compatible with tight_layout, so results might be incorrect.
  obj.savefig(spath, **kwargs)
[90mINFO:   • Embedded metadata: {'metadata_version': '1.0.0', 'scitex': {'version': '2.2.2', 'created_at': '2025-11-19T18:54:04.027899', 'created_with': 'scitex.plt.subplots (mm-control)', 'mode': 'publication', 'axes_size_mm': (40, 28), 'position_in_grid': (0, 0), 'style_mm': {'axis_thickness_mm': 0.2, 'tick_length_mm': 0.8, 'tick_thickness_mm': 0.2, 'trace_thickness_mm': 0.2, 'axis_font_size_pt': 7, 'tick_font_size_pt': 7, 'title_font_size_pt': 8, 'legend_font_size_pt': 6, 'label_pad_pt': 0.5, 'tick_pad_pt': 2.0, 'title_pad_pt': 1.0, 'font_family': 'Arial', 'n_ticks': 4, 'font_family_requested': 'Arial', 'font_family_actual': 'Arial'}}, 'matplotlib': {'version': '3.10.3'}, 'dimensions': {'figure_size_mm': (np.float64(80.0), np.float64(68.0)), 'figure_size_inch': (np.float64(3.1496062992125986), np.float64(2.677165354330709)), 'figure_size_px': (944, 803), 'axes_size_mm': (np.float64(40.0), np.float64(27.999999999999993)), 'axes_size_inch': (np.float64(1.5748031496062993), np.float64(1.1023622047244093)), 'axes_size_px': (472, 330), 'axes_position': (np.float64(0.25), np.float64(0.29411764705882354), np.float64(0.5), np.float64(0.41176470588235287)), 'dpi': 300}, 'margins_mm': {'left': np.float64(20.0), 'bottom': np.float64(20.0), 'right': np.float64(20.0), 'top': np.float64(20.000000000000007)}, 'axes_bbox_px': {'x0': 236, 'y0': 236, 'x1': 708, 'y1': 566, 'width': 472, 'height': 330}, 'axes_bbox_mm': {'x0': np.float64(20.0), 'y0': np.float64(20.0), 'x1': np.float64(60.0), 'y1': np.float64(47.99999999999999), 'width': np.float64(40.0), 'height': np.float64(27.999999999999993)}, 'url': 'https://scitex.ai'}[0m
[90mINFO:   • Auto-cropped with 1.0mm margin (11px at 300 DPI)[0m
[32mSUCC: Saved to: ./../scitex-code/examples/demo_plot_all_types_publication_out/publication/01_matplotlib_basic/04_hist.csv (31.4 KiB)[0m
[32mSUCC: Saved to: ./../scitex-code/examples/demo_plot_all_types_publication_out/publication/01_matplotlib_basic/04_hist.png (1.1 MiB)[0m
[90mINFO:   • Auto-collected metadata from figure[0m
[90mINFO: 📝 Saving figure with metadata to: /home/ywatanabe/proj/scitex-code/examples/demo_plot_all_types_publication_out/publication/01_matplotlib_basic/04_hist.pdf[0m
[90mINFO:   • Auto-added URL: https://scitex.ai[0m
/home/ywatanabe/proj/scitex-code/src/scitex/io/_save_modules/_image.py:174: UserWarning: This figure includes Axes that are not compatible with tight_layout, so results might be incorrect.
  obj.savefig(spath, **save_kwargs)
