INFO: ============================================================
INFO: Injected Global Variables (available in your function):
INFO:   • CONFIG - Session configuration dict
INFO:       - CONFIG['ID']: 2025Y-12M-09D-09h27m08s_7Ru0
INFO:       - CONFIG['SDIR_RUN']: /home/ywatanabe/proj/scitex-code/examples/bridge/03_unified_workflow_out/RUNNING/2025Y-12M-09D-09h27m08s_7Ru0-main
INFO:       - CONFIG['PID']: 1583320
INFO:   • plt - matplotlib.pyplot (configured for session)
INFO:   • COLORS - CustomColors (for consistent plotting)
INFO:   • rng_manager - RandomStateManager (for reproducibility)
INFO:   • logger - SciTeX logger (configured for your script)
INFO: ============================================================
INFO: Running main with injected parameters:
INFO:     {'CONFIG': 'DotDict', 'logger': 'SciTeXLogger', 'plt': 'module'}
INFO: ============================================================
INFO: Statistical Result
INFO: ============================================================
INFO: Pearson r: 0.089
INFO: P-value: 3.7970e-01
INFO: Formatted: (r = 0.09, p = 0.380)
INFO: ============================================================
INFO: Vis FigureModel
INFO: ============================================================
INFO: Size: 128.0 x 68.0 mm
INFO: Axes count: 2
INFO:   Axes 0: Time Series, 0 annotations
INFO:   Axes 1: Correlation, 1 annotations
INFO: ============================================================
INFO: Collected Figure Data
INFO: ============================================================
INFO: Figure dimensions: 128.0 x 68.0 mm
INFO: Number of axes: 2
SUCC: Saved to: ./examples/bridge/03_unified_workflow_out/unified_workflow.json (5.1 KiB)
INFO: JSON exported to: /home/ywatanabe/proj/scitex-code/examples/bridge/03_unified_workflow_out/unified_workflow.json
INFO:   • Auto-collected metadata from figure
INFO:   • Auto-saved stats to: /home/ywatanabe/proj/scitex-code/examples/bridge/03_unified_workflow_out/unified_workflow_stats.csv
INFO: 📝 Saving figure with metadata to: /home/ywatanabe/proj/scitex-code/examples/bridge/03_unified_workflow_out/unified_workflow.png
INFO:   • Auto-added URL: https://scitex.ai
/home/ywatanabe/proj/scitex-code/src/scitex/plt/utils/_collect_figure_metadata.py:165: UserWarning: Could not extract dimension info for metadata: 'list' object has no attribute 'width'
  warnings.warn(f"Could not extract dimension info for metadata: {e}")
/home/ywatanabe/proj/scitex-code/src/scitex/plt/_subplots/_FigWrapper.py:167: UserWarning: Could not collect metadata: 'list' object has no attribute 'items'
  warnings.warn(f"Could not collect metadata: {e}")
/home/ywatanabe/proj/scitex-code/src/scitex/io/_save_modules/_image.py:73: UserWarning: This figure includes Axes that are not compatible with tight_layout, so results might be incorrect.
  obj.savefig(spath, **kwargs)
INFO:   • Auto-cropped with 1.0mm margin (11px at 300 DPI)
SUCC: Saved to: ./examples/bridge/03_unified_workflow_out/unified_workflow.csv (11.3 KiB)
SUCC: Saved to: ./examples/bridge/03_unified_workflow_out/unified_workflow.json (3.5 KiB)
SUCC: Saved to: ./examples/bridge/03_unified_workflow_out/unified_workflow.png (2.1 MiB)
INFO: Figure saved to: /home/ywatanabe/proj/scitex-code/examples/bridge/03_unified_workflow_out/unified_workflow.png
INFO: Done!
