[90mINFO: ============================================================[0m
[90mINFO: Injected Global Variables (available in your function):[0m
[90mINFO:   • CONFIG - Session configuration dict[0m
[90mINFO:       - CONFIG['ID']: 2025Y-11M-19D-16h56m58s_t9eP[0m
[90mINFO:       - CONFIG['SDIR_RUN']: /home/ywatanabe/proj/scitex-code/examples/demo_plot_all_types_publication_v01-not-all-types_out/RUNNING/2025Y-11M-19D-16h56m58s_t9eP-main[0m
[90mINFO:       - CONFIG['PID']: 54181[0m
[90mINFO:   • plt - matplotlib.pyplot (configured for session)[0m
[90mINFO:   • COLORS - CustomColors (for consistent plotting)[0m
[90mINFO:   • rng_manager - RandomStateManager (for reproducibility)[0m
[90mINFO:   • logger - SciTeX logger (configured for your script)[0m
[90mINFO: ============================================================[0m
[90mINFO: Running main with injected parameters:[0m
[90mINFO:     {'verbose': 'bool'}[0m
/home/ywatanabe/proj/scitex-code/src/scitex/plt/_subplots/_FigWrapper.py:167: UserWarning: This figure includes Axes that are not compatible with tight_layout, so results might be incorrect.
  self._fig_mpl.savefig(fname, *args, **kwargs)
/home/ywatanabe/proj/scitex-code/src/scitex/plt/_subplots/_AxisWrapperMixins/_TrackingMixin.py:113: UserWarning: Matplotlib method 'plot()' does not support full data tracking for CSV export. Consider using 'ax.plot()' instead for better data export support.
  df = _export_as_csv(self.history)
[32mSUCC: Saved to: ./../scitex-code/examples/demo_plot_all_types_publication_v01-not-all-types_out/publication/01_line_plot_scitex.pdf (14.9 KiB)[0m
/home/ywatanabe/proj/scitex-code/src/scitex/plt/_subplots/_FigWrapper.py:167: UserWarning: This figure includes Axes that are not compatible with tight_layout, so results might be incorrect.
  self._fig_mpl.savefig(fname, *args, **kwargs)
[32mSUCC: Saved to: ./../scitex-code/examples/demo_plot_all_types_publication_v01-not-all-types_out/publication/02_scatter_scitex.csv (3.9 KiB)[0m
[32mSUCC: Saved to: ./../scitex-code/examples/demo_plot_all_types_publication_v01-not-all-types_out/publication/02_scatter_scitex.pdf (16.1 KiB)[0m
/home/ywatanabe/proj/scitex-code/src/scitex/plt/_subplots/_FigWrapper.py:167: UserWarning: This figure includes Axes that are not compatible with tight_layout, so results might be incorrect.
  self._fig_mpl.savefig(fname, *args, **kwargs)
[32mSUCC: Saved to: ./../scitex-code/examples/demo_plot_all_types_publication_v01-not-all-types_out/publication/03_bar_scitex.csv (142.0 B)[0m
[32mSUCC: Saved to: ./../scitex-code/examples/demo_plot_all_types_publication_v01-not-all-types_out/publication/03_bar_scitex.pdf (13.0 KiB)[0m
/home/ywatanabe/proj/scitex-code/src/scitex/plt/_subplots/_FigWrapper.py:167: UserWarning: This figure includes Axes that are not compatible with tight_layout, so results might be incorrect.
  self._fig_mpl.savefig(fname, *args, **kwargs)
/home/ywatanabe/proj/scitex-code/src/scitex/plt/_subplots/_AxisWrapperMixins/_TrackingMixin.py:113: UserWarning: Matplotlib method 'imshow()' does not support full data tracking for CSV export. Consider using 'ax.plot_imshow()' instead for better data export support.
  df = _export_as_csv(self.history)
[32mSUCC: Saved to: ./../scitex-code/examples/demo_plot_all_types_publication_v01-not-all-types_out/publication/04_heatmap_custom.pdf (14.7 KiB)[0m
/home/ywatanabe/proj/scitex-code/src/scitex/plt/_subplots/_FigWrapper.py:167: UserWarning: This figure includes Axes that are not compatible with tight_layout, so results might be incorrect.
  self._fig_mpl.savefig(fname, *args, **kwargs)
[32mSUCC: Saved to: ./../scitex-code/examples/demo_plot_all_types_publication_v01-not-all-types_out/publication/05_histogram_scitex.csv (31.4 KiB)[0m
[32mSUCC: Saved to: ./../scitex-code/examples/demo_plot_all_types_publication_v01-not-all-types_out/publication/05_histogram_scitex.pdf (14.6 KiB)[0m
/home/ywatanabe/proj/scitex-code/src/scitex/plt/_subplots/_FigWrapper.py:167: UserWarning: This figure includes Axes that are not compatible with tight_layout, so results might be incorrect.
  self._fig_mpl.savefig(fname, *args, **kwargs)
[32mSUCC: Saved to: ./../scitex-code/examples/demo_plot_all_types_publication_v01-not-all-types_out/publication/06_errorbar_scitex.csv (885.0 B)[0m
[32mSUCC: Saved to: ./../scitex-code/examples/demo_plot_all_types_publication_v01-not-all-types_out/publication/06_errorbar_scitex.pdf (14.4 KiB)[0m
/home/ywatanabe/proj/scitex-code/src/scitex/plt/_subplots/_FigWrapper.py:167: UserWarning: This figure includes Axes that are not compatible with tight_layout, so results might be incorrect.
  self._fig_mpl.savefig(fname, *args, **kwargs)
[32mSUCC: Saved to: ./../scitex-code/examples/demo_plot_all_types_publication_v01-not-all-types_out/publication/multi_panel/01_2x2_scitex.csv (17.5 KiB)[0m
[32mSUCC: Saved to: ./../scitex-code/examples/demo_plot_all_types_publication_v01-not-all-types_out/publication/multi_panel/01_2x2_scitex.pdf (26.6 KiB)[0m
/home/ywatanabe/proj/scitex-code/src/scitex/plt/_subplots/_FigWrapper.py:167: UserWarning: This figure includes Axes that are not compatible with tight_layout, so results might be incorrect.
  self._fig_mpl.savefig(fname, *args, **kwargs)
[32mSUCC: Saved to: ./../scitex-code/examples/demo_plot_all_types_publication_v01-not-all-types_out/publication/multi_panel/02_1x3_varied_widths.csv (7.7 KiB)[0m
[32mSUCC: Saved to: ./../scitex-code/examples/demo_plot_all_types_publication_v01-not-all-types_out/publication/multi_panel/02_1x3_varied_widths.pdf (21.5 KiB)[0m
/home/ywatanabe/proj/scitex-code/src/scitex/plt/_subplots/_FigWrapper.py:167: UserWarning: This figure includes Axes that are not compatible with tight_layout, so results might be incorrect.
  self._fig_mpl.savefig(fname, *args, **kwargs)
[32mSUCC: Saved to: ./../scitex-code/examples/demo_plot_all_types_publication_v01-not-all-types_out/publication/09_style_override.pdf (15.6 KiB)[0m
