[90mINFO: ============================================================[0m
[90mINFO: Injected Global Variables (available in your function):[0m
[90mINFO:   • CONFIG - Session configuration dict[0m
[90mINFO:       - CONFIG['ID']: 2025Y-12M-09D-09h36m56s_hVxJ[0m
[90mINFO:       - CONFIG['SDIR_RUN']: /home/ywatanabe/proj/scitex-code/examples/bridge/02_add_stats_to_plot_out/RUNNING/2025Y-12M-09D-09h36m56s_hVxJ-main[0m
[90mINFO:       - CONFIG['PID']: 1634177[0m
[90mINFO:   • plt - matplotlib.pyplot (configured for session)[0m
[90mINFO:   • COLORS - CustomColors (for consistent plotting)[0m
[90mINFO:   • rng_manager - RandomStateManager (for reproducibility)[0m
[90mINFO:   • logger - SciTeX logger (configured for your script)[0m
[90mINFO: ============================================================[0m
[90mINFO: Running main with injected parameters:[0m
[90mINFO:     {'CONFIG': 'DotDict', 'logger': 'SciTeXLogger', 'plt': 'module'}[0m
[90mINFO: ============================================================[0m
[90mINFO: Statistical Test Results[0m
[90mINFO: ============================================================[0m
[90mINFO: t-statistic: -3.103[0m
[90mINFO: p-value: 0.0030[0m
[90mINFO: Stars: **[0m
[90mINFO: Format (asterisk): **[0m
[90mINFO: Format (compact): t = -3.103**[0m
[90mINFO: Format (publication): (t = -3.10, p < 0.01)[0m
[90mINFO: ------------------------------------------------------------[0m
[90mINFO: Extracted Statistics from Plot[0m
[90mINFO: ------------------------------------------------------------[0m
[90mINFO: Stat 1:[0m
[90mINFO:   Test type: t-test[0m
[90mINFO:   Statistic: t = -3.103[0m
[90mINFO:   P-value: 0.0030[0m
[90mINFO:   Stars: **[0m
[90mINFO: Stat 2:[0m
[90mINFO:   Test type: t-test[0m
[90mINFO:   Statistic: t = -3.103[0m
[90mINFO:   P-value: 0.0030[0m
[90mINFO:   Stars: **[0m
[32mSUCC: Saved to: ./examples/bridge/02_add_stats_to_plot_out/add_stats_to_plot_detailed.csv (272.0 B)[0m
[90mINFO: Detailed stats saved to: /home/ywatanabe/proj/scitex-code/examples/bridge/02_add_stats_to_plot_out/add_stats_to_plot_detailed.csv[0m
[90mINFO:   • Auto-collected metadata from figure[0m
[90mINFO: 📝 Saving figure with metadata to: /home/ywatanabe/proj/scitex-code/examples/bridge/02_add_stats_to_plot_out/add_stats_to_plot.png[0m
[90mINFO:   • Auto-added URL: https://scitex.ai[0m
/home/ywatanabe/proj/scitex-code/src/scitex/io/_save_modules/_image.py:73: UserWarning: This figure includes Axes that are not compatible with tight_layout, so results might be incorrect.
  obj.savefig(spath, **kwargs)
[90mINFO:   • Auto-cropped with 1.0mm margin (11px at 300 DPI)[0m
[32mSUCC: Saved to: ./examples/bridge/02_add_stats_to_plot_out/add_stats_to_plot.csv (1.1 KiB)[0m
[32mSUCC: Saved to: ./examples/bridge/02_add_stats_to_plot_out/add_stats_to_plot.json (6.1 KiB)[0m
[32mSUCC: Saved to: ./examples/bridge/02_add_stats_to_plot_out/add_stats_to_plot.png (1.0 MiB)[0m
[90mINFO: Figure saved to: /home/ywatanabe/proj/scitex-code/examples/bridge/02_add_stats_to_plot_out/add_stats_to_plot.png[0m
[90mINFO: Done![0m
