[90mINFO: ============================================================[0m
[90mINFO: Injected Global Variables (available in your function):[0m
[90mINFO:   • CONFIG - Session configuration dict[0m
[90mINFO:       - CONFIG['ID']: 2025Y-12M-09D-09h05m54s_MJCs[0m
[90mINFO:       - CONFIG['SDIR_RUN']: /home/ywatanabe/proj/scitex-code/examples/bridge/01_plt_to_vis_model_out/RUNNING/2025Y-12M-09D-09h05m54s_MJCs-main[0m
[90mINFO:       - CONFIG['PID']: 1515064[0m
[90mINFO:   • plt - matplotlib.pyplot (configured for session)[0m
[90mINFO:   • COLORS - CustomColors (for consistent plotting)[0m
[90mINFO:   • rng_manager - RandomStateManager (for reproducibility)[0m
[90mINFO:   • logger - SciTeX logger (configured for your script)[0m
[90mINFO: ============================================================[0m
[90mINFO: Running main with injected parameters:[0m
[90mINFO:     {'CONFIG': 'DotDict', 'logger': 'SciTeXLogger', 'plt': 'module'}[0m
[90mINFO: ============================================================[0m
[90mINFO: FigureModel Summary[0m
[90mINFO: ============================================================[0m
[90mINFO: Dimensions: 128.0 x 68.0 mm[0m
[90mINFO: Layout: 1 x 2[0m
[90mINFO: DPI: 300[0m
[90mINFO: Suptitle: Example Figure[0m
[90mINFO: Number of axes: 2[0m
[90mINFO: ------------------------------------------------------------[0m
[90mINFO: Axes Details[0m
[90mINFO: ------------------------------------------------------------[0m
[90mINFO: Axes 0:[0m
[90mINFO:   Position: row=0, col=0[0m
[90mINFO:   Title: Line Plot[0m
[90mINFO:   X Label: X Axis[0m
[90mINFO:   Y Label: Y Axis[0m
[90mINFO: Axes 1:[0m
[90mINFO:   Position: row=0, col=1[0m
[90mINFO:   Title: Scatter Plot[0m
[90mINFO:   X Label: Variable A[0m
[90mINFO:   Y Label: Variable B[0m
[32mSUCC: Saved to: ./examples/bridge/01_plt_to_vis_model_out/plt_to_vis_model.json (3.1 KiB)[0m
[90mINFO: JSON exported to: /home/ywatanabe/proj/scitex-code/examples/bridge/01_plt_to_vis_model_out/plt_to_vis_model.json[0m
[90mINFO:   • Auto-collected metadata from figure[0m
[90mINFO: 📝 Saving figure with metadata to: /home/ywatanabe/proj/scitex-code/examples/bridge/01_plt_to_vis_model_out/plt_to_vis_model.png[0m
[90mINFO:   • Auto-added URL: https://scitex.ai[0m
/home/ywatanabe/proj/scitex-code/src/scitex/plt/utils/_collect_figure_metadata.py:165: UserWarning: Could not extract dimension info for metadata: 'function' object has no attribute 'get_position'
  warnings.warn(f"Could not extract dimension info for metadata: {e}")
/home/ywatanabe/proj/scitex-code/src/scitex/plt/utils/_collect_figure_metadata.py:307: UserWarning: Could not extract Phase 1 metadata: 'function' object has no attribute 'get_xlabel'
  warnings.warn(f"Could not extract Phase 1 metadata: {e}")
/home/ywatanabe/proj/scitex-code/src/scitex/io/_save_modules/_image.py:68: UserWarning: This figure includes Axes that are not compatible with tight_layout, so results might be incorrect.
  obj.savefig(spath, **kwargs)
[90mINFO:   • Auto-cropped with 1.0mm margin (11px at 300 DPI)[0m
[32mSUCC: Saved to: ./examples/bridge/01_plt_to_vis_model_out/plt_to_vis_model.csv (2.1 KiB)[0m
[32mSUCC: Saved to: ./examples/bridge/01_plt_to_vis_model_out/plt_to_vis_model.json (3.2 KiB)[0m
[32mSUCC: Saved to: ./examples/bridge/01_plt_to_vis_model_out/plt_to_vis_model.png (2.8 MiB)[0m
[90mINFO: Figure saved to: /home/ywatanabe/proj/scitex-code/examples/bridge/01_plt_to_vis_model_out/plt_to_vis_model.png[0m
[90mINFO: Done![0m
