INFO: ============================================================
INFO: Injected Global Variables (available in your function):
INFO:   • CONFIG - Session configuration dict
INFO:       - CONFIG['ID']: 2025Y-12M-09D-09h25m43s_7XQA
INFO:       - CONFIG['SDIR_RUN']: /home/ywatanabe/proj/scitex-code/examples/bridge/02_add_stats_to_plot_out/RUNNING/2025Y-12M-09D-09h25m43s_7XQA-main
INFO:       - CONFIG['PID']: 1573131
INFO:   • plt - matplotlib.pyplot (configured for session)
INFO:   • COLORS - CustomColors (for consistent plotting)
INFO:   • rng_manager - RandomStateManager (for reproducibility)
INFO:   • logger - SciTeX logger (configured for your script)
INFO: ============================================================
INFO: Running main with injected parameters:
INFO:     {'CONFIG': 'DotDict', 'logger': 'SciTeXLogger', 'plt': 'module'}
INFO: ============================================================
INFO: Statistical Test Results
INFO: ============================================================
INFO: t-statistic: -3.103
INFO: p-value: 0.0030
INFO: Stars: **
INFO: Format (asterisk): **
INFO: Format (compact): t = -3.103**
INFO: Format (publication): (t = -3.10, p < 0.01)
INFO: ------------------------------------------------------------
INFO: Extracted Statistics from Plot
INFO: ------------------------------------------------------------
INFO: Stat 1:
INFO:   Test type: t-test
INFO:   Statistic: t = -3.103
INFO:   P-value: 0.0030
INFO:   Stars: **
INFO: Stat 2:
INFO:   Test type: t-test
INFO:   Statistic: t = -3.103
INFO:   P-value: 0.0030
INFO:   Stars: **
SUCC: Saved to: ./examples/bridge/02_add_stats_to_plot_out/add_stats_to_plot_stats.csv (272.0 B)
INFO: Stats saved to: /home/ywatanabe/proj/scitex-code/examples/bridge/02_add_stats_to_plot_out/add_stats_to_plot_stats.csv
INFO:   • Auto-collected metadata from figure
INFO: 📝 Saving figure with metadata to: /home/ywatanabe/proj/scitex-code/examples/bridge/02_add_stats_to_plot_out/add_stats_to_plot.png
INFO:   • Auto-added URL: https://scitex.ai
