RandomStateManager initialized with seed 42
Fixed random seeds for: random, numpy, torch, jax
✅ LaTeX rendering enabled and tested

----------------------------------------
Matplotlib has been configured as follows:

Figure DPI (Display): 100 DPI
Figure DPI (Save): 300 DPI
Figure Size (Not the Axis Size): 160.0 x 100.0 mm (width x height)

Hide Top and Right Axes: True
Line Width: 1.0

Custom Colors (RGBA):
  white: [255, 255, 255, 0.9]
  black: [0, 0, 0, 0.9]
  blue: [0, 128, 192, 0.9]
  red: [255, 70, 50, 0.9]
  pink: [255, 150, 200, 0.9]
  green: [20, 180, 20, 0.9]
  yellow: [230, 160, 20, 0.9]
  gray: [128, 128, 128, 0.9]
  grey: [128, 128, 128, 0.9]
  purple: [200, 50, 255, 0.9]
  light_blue: [20, 200, 200, 0.9]
  brown: [128, 0, 0, 0.9]
  navy: [0, 0, 100, 0.9]
  orange: [228, 94, 50, 0.9]
----------------------------------------

========================================
SciTeX v2.0.0
2025Y-10M-16D-03h15m21s_kVCc (PID: 1128011)

./scitex_session_demo/scripts/scitex_session_demo.py

Arguments:
    n_samples: 100
    verbose: True
========================================


----------------------------------------

{'ARGS': {'n_samples': 100, 'verbose': True},
 'FILE': './scitex_session_demo/scripts/scitex_session_demo.py',
 'FILE_PATH': PosixPath('scitex_session_demo/scripts/scitex_session_demo.py'),
 'ID': '2025Y-10M-16D-03h15m21s_kVCc',
 'PID': 1128011,
 'REL_SDIR': 'scitex_session_demo/./scripts/scitex_session_demo_out/',
 'REL_SDIR_PATH': PosixPath('scitex_session_demo/scripts/scitex_session_demo_out'),
 'SDIR': '/home/ywatanabe/proj/scitex_repo/scitex_session_demo/scripts/scitex_session_demo_out/RUNNING/2025Y-10M-16D-03h15m21s_kVCc/',
 'SDIR_PATH': PosixPath('/home/ywatanabe/proj/scitex_repo/scitex_session_demo/scripts/scitex_session_demo_out/RUNNING/2025Y-10M-16D-03h15m21s_kVCc'),
 'START_TIME': datetime.datetime(2025, 10, 16, 3, 15, 21, 698488),
 'demo': {'xxx': 111, 'yyy': 222},
 'sys': <module 'sys' (built-in)>}

----------------------------------------






START TIME: 2025-10-16 03:15:21.698488
END TIME: 2025-10-16 03:15:25.307560
RUN TIME: 00:00:03

