INFO: ============================================================
INFO: Injected Global Variables (available in your function):
INFO:   • CONFIG - Session configuration dict
INFO:       - CONFIG['ID']: 2025Y-12M-09D-09h24m18s_KZFg
INFO:       - CONFIG['SDIR_RUN']: /home/ywatanabe/proj/scitex-code/examples/bridge/02_add_stats_to_plot_out/RUNNING/2025Y-12M-09D-09h24m18s_KZFg-main
INFO:       - CONFIG['PID']: 1567537
INFO:   • plt - matplotlib.pyplot (configured for session)
INFO:   • COLORS - CustomColors (for consistent plotting)
INFO:   • rng_manager - RandomStateManager (for reproducibility)
INFO:   • logger - SciTeX logger (configured for your script)
INFO: ============================================================
INFO: Running main with injected parameters:
INFO:     {'CONFIG': 'DotDict', 'logger': 'SciTeXLogger', 'plt': 'module'}
INFO: ============================================================
INFO: Statistical Test Results
INFO: ============================================================
INFO: t-statistic: -3.103
INFO: p-value: 0.0030
INFO: Stars: **
INFO: Format (asterisk): **
INFO: Format (compact): t = -3.103**
INFO: Format (publication): (t = -3.10, p < 0.01)
INFO: ------------------------------------------------------------
INFO: Extracted Statistics from Plot
INFO: ------------------------------------------------------------
INFO: Stat 1:
INFO:   Test type: t-test
INFO:   Statistic: t = -3.103
INFO:   P-value: 0.0030
INFO:   Stars: **
INFO: Stat 2:
INFO:   Test type: t-test
INFO:   Statistic: t = -3.103
INFO:   P-value: 0.0030
INFO:   Stars: **
SUCC: Saved to: ./examples/bridge/02_add_stats_to_plot_out/add_stats_to_plot_stats.csv (272.0 B)
INFO: Stats saved to: /home/ywatanabe/proj/scitex-code/examples/bridge/02_add_stats_to_plot_out/add_stats_to_plot_stats.csv
INFO:   • Auto-collected metadata from figure
INFO: 📝 Saving figure with metadata to: /home/ywatanabe/proj/scitex-code/examples/bridge/02_add_stats_to_plot_out/add_stats_to_plot.png
INFO:   • Auto-added URL: https://scitex.ai
/home/ywatanabe/proj/scitex-code/src/scitex/io/_save_modules/_image.py:69: UserWarning: This figure includes Axes that are not compatible with tight_layout, so results might be incorrect.
  obj.savefig(spath, **kwargs)
/home/ywatanabe/proj/scitex-code/src/scitex/plt/_subplots/_FigWrapper.py:174: UserWarning: Metadata embedding failed, using regular savefig: cannot access local variable 'obj' where it is not associated with a value
  warnings.warn(f"Metadata embedding failed, using regular savefig: {e}")
/home/ywatanabe/proj/scitex-code/src/scitex/plt/_subplots/_FigWrapper.py:175: UserWarning: This figure includes Axes that are not compatible with tight_layout, so results might be incorrect.
  self._fig_mpl.savefig(fname, *args, **kwargs)
ERRO: Error occurred while saving: cannot access local variable 'obj' where it is not associated with a value
Debug: Initial script_path = /home/ywatanabe/proj/scitex-code/examples/bridge/02_add_stats_to_plot.py
Debug: Final spath = /home/ywatanabe/proj/scitex-code/examples/bridge/02_add_stats_to_plot_out/add_stats_to_plot.png
Debug: specified_path type = <class 'str'>
Debug: specified_path = /home/ywatanabe/proj/scitex-code/examples/bridge/02_add_stats_to_plot_out/add_stats_to_plot.png
INFO: Figure saved to: /home/ywatanabe/proj/scitex-code/examples/bridge/02_add_stats_to_plot_out/add_stats_to_plot.png
INFO: Done!
