INFO: ============================================================
INFO: Injected Global Variables (available in your function):
INFO:   • CONFIG - Session configuration dict
INFO:       - CONFIG['ID']: 2025Y-12M-09D-09h07m31s_7BPK
INFO:       - CONFIG['SDIR_RUN']: /home/ywatanabe/proj/scitex-code/examples/bridge/03_unified_workflow_out/RUNNING/2025Y-12M-09D-09h07m31s_7BPK-main
INFO:       - CONFIG['PID']: 1522370
INFO:   • plt - matplotlib.pyplot (configured for session)
INFO:   • COLORS - CustomColors (for consistent plotting)
INFO:   • rng_manager - RandomStateManager (for reproducibility)
INFO:   • logger - SciTeX logger (configured for your script)
INFO: ============================================================
INFO: Running main with injected parameters:
INFO:     {'CONFIG': 'DotDict', 'logger': 'SciTeXLogger', 'plt': 'module'}
INFO: ============================================================
INFO: Statistical Result
INFO: ============================================================
INFO: Pearson r: 0.089
INFO: P-value: 3.7970e-01
INFO: Formatted: (r = 0.09, p = 0.380)
INFO: ============================================================
INFO: Vis FigureModel
INFO: ============================================================
INFO: Size: 128.0 x 68.0 mm
INFO: Axes count: 2
INFO:   Axes 0: Time Series, 0 annotations
INFO:   Axes 1: Correlation, 1 annotations
INFO: ============================================================
INFO: Collected Figure Data
INFO: ============================================================
INFO: Figure dimensions: 128.0 x 68.0 mm
INFO: Number of axes: 2
SUCC: Saved to: ./examples/bridge/03_unified_workflow_out/unified_workflow.json (5.1 KiB)
INFO: JSON exported to: /home/ywatanabe/proj/scitex-code/examples/bridge/03_unified_workflow_out/unified_workflow.json
INFO:   • Auto-collected metadata from figure
INFO: 📝 Saving figure with metadata to: /home/ywatanabe/proj/scitex-code/examples/bridge/03_unified_workflow_out/unified_workflow.png
INFO:   • Auto-added URL: https://scitex.ai
/home/ywatanabe/proj/scitex-code/src/scitex/plt/utils/_collect_figure_metadata.py:165: UserWarning: Could not extract dimension info for metadata: 'function' object has no attribute 'get_position'
  warnings.warn(f"Could not extract dimension info for metadata: {e}")
/home/ywatanabe/proj/scitex-code/src/scitex/plt/utils/_collect_figure_metadata.py:307: UserWarning: Could not extract Phase 1 metadata: 'function' object has no attribute 'get_xlabel'
  warnings.warn(f"Could not extract Phase 1 metadata: {e}")
