[94m
========================================
SciTeX v2.2.2
2025Y-11M-19D-18h32m43s_DTUh (PID: 299506)

/home/ywatanabe/proj/scitex-code/examples/demo_plot_all_types_publication.py

Arguments:
    verbose: True
========================================
[0m

======================================================================
 PUBLICATION-READY FIGURE DEMONSTRATION
 Using Unified Style System
======================================================================

This demo showcases scitex.plt.subplots() with mm-control
integration for creating publication-ready figures.


======================================================================
Demo: Publication Line Plot (SciTeX Style)
======================================================================
- Saved: publication/01_matplotlib_basic/01_plot.png, .pdf, .jpg

======================================================================
Demo: Publication Scatter Plot (SciTeX Style)
======================================================================
- Saved: publication/01_matplotlib_basic/02_scatter.png, .pdf, .jpg

======================================================================
Demo: Publication Bar Plot (SciTeX Style)
======================================================================
- Saved: publication/01_matplotlib_basic/03_bar.png, .pdf, .jpg

======================================================================
Demo: Publication Histogram (SciTeX Style)
======================================================================
- Saved: publication/01_matplotlib_basic/04_hist.png, .pdf, .jpg

======================================================================
Demo: Publication Boxplot (SciTeX Style)
======================================================================
- Saved: publication/01_matplotlib_basic/05_boxplot.png, .pdf, .jpg

======================================================================
Demo: Publication Error Bar Plot (SciTeX Style)
======================================================================
- Saved: publication/01_matplotlib_basic/06_errorbar.png, .pdf, .jpg

======================================================================
Demo: Publication Horizontal Bar Plot (SciTeX Style)
======================================================================
- Saved: publication/01_matplotlib_basic/07_barh.png, .pdf, .jpg

======================================================================
Demo: Publication Fill Between (SciTeX Style)
======================================================================
- Saved: publication/01_matplotlib_basic/08_fill_between.png, .pdf, .jpg

======================================================================
Demo: Publication Imshow (SciTeX Style)
======================================================================
- Saved: publication/01_matplotlib_basic/09_imshow.png, .pdf, .jpg

======================================================================
Demo: Publication Contour (SciTeX Style)
======================================================================
- Saved: publication/01_matplotlib_basic/10_contour.png, .pdf, .jpg

======================================================================
Demo: Publication Violinplot (SciTeX Style)
======================================================================
- Saved: publication/01_matplotlib_basic/11_violinplot.png, .pdf, .jpg

======================================================================
Demo: Publication Heatmap (Custom Scitex)
======================================================================
- Saved: publication/02_custom_scitex/01_plot_heatmap.png, .pdf, .jpg

======================================================================
Demo: Publication Line (Custom Scitex)
======================================================================
- Saved: publication/02_custom_scitex/02_plot_line.png, .pdf, .jpg

======================================================================
Demo: Publication Shaded Line (Custom Scitex)
======================================================================
- Saved: publication/02_custom_scitex/03_plot_shaded_line.png, .pdf, .jpg

======================================================================
Demo: Publication Violin (Custom Scitex)
======================================================================
- Saved: publication/02_custom_scitex/04_plot_violin.png, .pdf, .jpg

======================================================================
Demo: Publication ECDF (Custom Scitex)
======================================================================
- Saved: publication/02_custom_scitex/05_plot_ecdf.png, .pdf, .jpg

======================================================================
Demo: Publication Box (Custom Scitex)
======================================================================
- Saved: publication/02_custom_scitex/06_plot_box.png, .pdf, .jpg

======================================================================
Demo: Publication Mean±Std (Custom Scitex)
======================================================================
- Saved: publication/02_custom_scitex/07_plot_mean_std.png, .pdf, .jpg

======================================================================
Demo: Publication KDE (Functional)
======================================================================
- Saved: publication/03_functional/01_plot_kde.png, .pdf, .jpg

======================================================================
Demo: Publication Seaborn Boxplot
======================================================================
- Saved: publication/04_seaborn/01_sns_boxplot.png, .pdf, .jpg

======================================================================
Demo: Publication Seaborn Violinplot
======================================================================
- Saved: publication/04_seaborn/02_sns_violinplot.png, .pdf, .jpg

======================================================================
Demo: Publication Seaborn Scatterplot
======================================================================
- Saved: publication/04_seaborn/03_sns_scatterplot.png, .pdf, .jpg

======================================================================
Demo: Publication Seaborn Lineplot
======================================================================
