INFO: ============================================================
INFO: Injected Global Variables (available in your function):
INFO:   • CONFIG - Session configuration dict
INFO:       - CONFIG['ID']: 2025Y-12M-09D-09h07m03s_NLl3
INFO:       - CONFIG['SDIR_RUN']: /home/ywatanabe/proj/scitex-code/examples/bridge/04_stats_to_vis_direct_out/RUNNING/2025Y-12M-09D-09h07m03s_NLl3-main
INFO:       - CONFIG['PID']: 1520441
INFO:   • plt - matplotlib.pyplot (configured for session)
INFO:   • COLORS - CustomColors (for consistent plotting)
INFO:   • rng_manager - RandomStateManager (for reproducibility)
INFO:   • logger - SciTeX logger (configured for your script)
INFO: ============================================================
INFO: Running main with injected parameters:
INFO:     {'CONFIG': 'DotDict', 'logger': 'SciTeXLogger'}
INFO: ============================================================
INFO: Created StatResults
INFO: ============================================================
INFO:   t-test: t = 3.45, p = 0.0010, stars = '***'
INFO:   pearson: r = 0.85, p = 0.0001, stars = '***'
INFO:   anova: F = 12.30, p = 0.0020, stars = '**'
INFO: ------------------------------------------------------------
INFO: Converted to AnnotationModels
INFO: ------------------------------------------------------------
INFO:   Type: text
INFO:   Text: 't = 3.450***'
INFO:   Position: (0.5, 0.95)
INFO:   Type: text
INFO:   Text: 'r = 0.850***'
INFO:   Position: (0.5, 0.95)
INFO:   Type: text
INFO:   Text: 'F = 12.300**'
