INFO: ============================================================
INFO: Injected Global Variables (available in your function):
INFO:   • CONFIG - Session configuration dict
INFO:       - CONFIG['ID']: 2025Y-11M-19D-15h06m38s_9r73
INFO:       - CONFIG['SDIR_RUN']: /home/ywatanabe/proj/scitex-code/examples/demo_plot_all_types_publication_out/RUNNING/2025Y-11M-19D-15h06m38s_9r73-main
INFO:       - CONFIG['PID']: 109058
INFO:   • plt - matplotlib.pyplot (configured for session)
INFO:   • COLORS - CustomColors (for consistent plotting)
INFO:   • rng_manager - RandomStateManager (for reproducibility)
INFO:   • logger - SciTeX logger (configured for your script)
INFO: ============================================================
INFO: Running main with injected parameters:
INFO:     {'verbose': 'bool'}
Traceback (most recent call last):
  File "/home/ywatanabe/proj/scitex-code/examples/demo_plot_all_types_publication.py", line 586, in main
    demo()
  File "/home/ywatanabe/proj/scitex-code/examples/demo_plot_all_types_publication.py", line 84, in demo_publication_line_plot
    ax.set_xlabel(stx.ax.format_label("Time", "s"))
                  ^^^^^^
AttributeError: module 'scitex' has no attribute 'ax'
Traceback (most recent call last):
  File "/home/ywatanabe/proj/scitex-code/examples/demo_plot_all_types_publication.py", line 586, in main
    demo()
  File "/home/ywatanabe/proj/scitex-code/examples/demo_plot_all_types_publication.py", line 120, in demo_publication_scatter
    stx.ax.style_scatter(scatter, size_mm=0.8)
    ^^^^^^
AttributeError: module 'scitex' has no attribute 'ax'
Traceback (most recent call last):
  File "/home/ywatanabe/proj/scitex-code/examples/demo_plot_all_types_publication.py", line 586, in main
    demo()
  File "/home/ywatanabe/proj/scitex-code/examples/demo_plot_all_types_publication.py", line 173, in demo_publication_bar
    stx.ax.style_barplot(bars, edgewidth_mm=0.8, edgecolor='black')
    ^^^^^^
AttributeError: module 'scitex' has no attribute 'ax'
Traceback (most recent call last):
  File "/home/ywatanabe/proj/scitex-code/examples/demo_plot_all_types_publication.py", line 586, in main
    demo()
  File "/home/ywatanabe/proj/scitex-code/examples/demo_plot_all_types_publication.py", line 241, in demo_publication_heatmap
    cbar.set_label(stx.ax.format_label("Correlation", ""))
                   ^^^^^^
AttributeError: module 'scitex' has no attribute 'ax'
Traceback (most recent call last):
  File "/home/ywatanabe/proj/scitex-code/examples/demo_plot_all_types_publication.py", line 586, in main
    demo()
  File "/home/ywatanabe/proj/scitex-code/examples/demo_plot_all_types_publication.py", line 312, in demo_publication_histogram
    ax.set_xlabel(stx.ax.format_label("Value", "a.u."))
                  ^^^^^^
AttributeError: module 'scitex' has no attribute 'ax'
