[94m
========================================
SciTeX v2.2.2
2025Y-11M-19D-15h05m38s_1Dyg (PID: 106988)

/home/ywatanabe/proj/scitex-code/examples/demo_plot_all_types_publication.py

Arguments:
    verbose: True
========================================
[0m

======================================================================
 PUBLICATION-READY FIGURE DEMONSTRATION
 Using Unified Style System
======================================================================

This demo showcases scitex.plt.subplots() with mm-control
integration for creating publication-ready figures.


======================================================================
Demo: Publication Line Plot (NATURE_STYLE)
======================================================================

[ERROR] in demo_publication_line_plot: module 'scitex' has no attribute 'ax'

======================================================================
Demo: Publication Scatter Plot (SCIENCE_STYLE)
======================================================================

[ERROR] in demo_publication_scatter: module 'scitex' has no attribute 'ax'

======================================================================
Demo: Publication Bar Plot (CELL_STYLE)
======================================================================

[ERROR] in demo_publication_bar: module 'scitex' has no attribute 'ax'

======================================================================
Demo: Publication Heatmap (Custom dimensions)
======================================================================

[ERROR] in demo_publication_heatmap: module 'scitex' has no attribute 'ax'

======================================================================
Demo: Publication Histogram (NATURE_STYLE)
======================================================================

[ERROR] in demo_publication_histogram: module 'scitex' has no attribute 'ax'

======================================================================
Demo: Publication Error Bar Plot (SCIENCE_STYLE)
======================================================================
- Saved: publication/06_errorbar_science.png

======================================================================
Demo: Multi-Panel Figure 2x2 (NATURE_STYLE)
======================================================================
- Saved: publication/multi_panel/01_2x2_nature.png
  Layout: 2x2 grid
  Each panel: 40 x 28 mm
  Spacing: 8 x 10 mm

======================================================================
Demo: Multi-Panel Figure 1x3 with Individual Widths
======================================================================
- Saved: publication/multi_panel/02_1x3_varied_widths.png
  Layout: 1x3 grid
  Panel widths: 25, 35, 25 mm

======================================================================
Demo: Style Override Pattern
======================================================================
- Saved: publication/09_style_override.png
  Base: NATURE_STYLE
  Overrides:
    - ax_width_mm: 30 → 40
    - ax_thickness_mm: 0.2 → 0.3
    - tick_length_mm: 0.8 → 1.0

======================================================================
 DEMONSTRATION COMPLETE
======================================================================

Output locations:
  Session output: /home/ywatanabe/proj/scitex-code/examples/demo_plot_all_types_publication_out/
  Single panels: publication/
  Multi-panels: publication/multi_panel/

All figures are publication-ready:
  - 300 DPI resolution (publication mode)
  - Precise mm-based dimensions
  - Consistent styling from presets
  - Embedded metadata for reproducibility (via SciTeX)
