[90mINFO: Example 16: Encoding and Theme Separation[0m
[33mWARN: UnitWarning: X axis label 'Time' has no units. Consider: 'Time [unit]' or 'Time [-]' for dimensionless[0m
[33mWARN: UnitWarning: Y axis label 'Amplitude' has no units. Consider: 'Amplitude [unit]' or 'Amplitude [-]' for dimensionless[0m
[32mSUCC: Saved to: ./examples/scitex/fts/16_style_bridge_out/encoding_theme_demo.zip (86.9 KiB)[0m

[90mINFO: ============================================================[0m
[90mINFO: ENCODING (data-to-visual mapping)[0m
[90mINFO: ============================================================[0m
[90mINFO: Encoding defines:[0m
[90mINFO:   - Which columns map to x, y[0m
[90mINFO:   - Trace colors and labels[0m
[90mINFO:   - Axis titles and domains[0m

[90mINFO: ============================================================[0m
[90mINFO: THEME (visual aesthetics)[0m
[90mINFO: ============================================================[0m
[90mINFO: Theme defines:[0m
[90mINFO:   - Color scheme (light/dark mode)[0m
[90mINFO:   - Font family and sizes[0m
[90mINFO:   - Figure title and numbering[0m
[31mERRO: Error in main: No columns to parse from file
ERRO: Traceback (most recent call last):
ERRO:   File "/home/ywatanabe/proj/scitex-code/src/scitex/session/_decorator.py", line 246, in _run_with_session
ERRO:     result = func(**filtered_kwargs)
ERRO:              ^^^^^^^^^^^^^^^^^^^^^^^
ERRO:   File "/home/ywatanabe/proj/scitex-code/examples/scitex/fts/16_style_bridge.py", line 198, in main
ERRO:     configure_bundle(bundle_path, logger)
ERRO:   File "/home/ywatanabe/proj/scitex-code/examples/scitex/fts/16_style_bridge.py", line 134, in configure_bundle
ERRO:     bundle.save()
ERRO:   File "/home/ywatanabe/proj/scitex-code/src/scitex/fts/_bundle/_FTS.py", line 476, in save
ERRO:     fig = self.render()
ERRO:           ^^^^^^^^^^^^^
ERRO:   File "/home/ywatanabe/proj/scitex-code/src/scitex/fts/_bundle/_FTS.py", line 296, in render
ERRO:     return self._render_from_encoding()
ERRO:            ^^^^^^^^^^^^^^^^^^^^^^^^^^^^
ERRO:   File "/home/ywatanabe/proj/scitex-code/src/scitex/fts/_bundle/_FTS.py", line 349, in _render_from_encoding
ERRO:     data = self._load_payload_data()
ERRO:            ^^^^^^^^^^^^^^^^^^^^^^^^^
ERRO:   File "/home/ywatanabe/proj/scitex-code/src/scitex/fts/_bundle/_FTS.py", line 378, in _load_payload_data
ERRO:     return pd.read_csv(StringIO(csv_bytes.decode("utf-8")))
ERRO:            ^^^^^^^^^^^^^^^^^^^^^^^^^^^^^^^^^^^^^^^^^^^^^^^^
ERRO:   File "/home/ywatanabe/.env-3.11/lib/python3.11/site-packages/pandas/io/parsers/readers.py", line 1026, in read_csv
ERRO:     return _read(filepath_or_buffer, kwds)
ERRO:            ^^^^^^^^^^^^^^^^^^^^^^^^^^^^^^^
ERRO:   File "/home/ywatanabe/.env-3.11/lib/python3.11/site-packages/pandas/io/parsers/readers.py", line 620, in _read
ERRO:     parser = TextFileReader(filepath_or_buffer, **kwds)
ERRO:              ^^^^^^^^^^^^^^^^^^^^^^^^^^^^^^^^^^^^^^^^^^
ERRO:   File "/home/ywatanabe/.env-3.11/lib/python3.11/site-packages/pandas/io/parsers/readers.py", line 1620, in __init__
ERRO:     self._engine = self._make_engine(f, self.engine)
ERRO:                    ^^^^^^^^^^^^^^^^^^^^^^^^^^^^^^^^^
ERRO:   File "/home/ywatanabe/.env-3.11/lib/python3.11/site-packages/pandas/io/parsers/readers.py", line 1898, in _make_engine
ERRO:     return mapping[engine](f, **self.options)
ERRO:            ^^^^^^^^^^^^^^^^^^^^^^^^^^^^^^^^^^
ERRO:   File "/home/ywatanabe/.env-3.11/lib/python3.11/site-packages/pandas/io/parsers/c_parser_wrapper.py", line 93, in __init__
ERRO:     self._reader = parsers.TextReader(src, **kwds)
ERRO:                    ^^^^^^^^^^^^^^^^^^^^^^^^^^^^^^^
ERRO:   File "pandas/_libs/parsers.pyx", line 581, in pandas._libs.parsers.TextReader.__cinit__
ERRO: pandas.errors.EmptyDataError: No columns to parse from file[0m
